// Jest Snapshot v1, https://goo.gl/fbAQLP

exports[`components/base/BaseButton mountable snapshot 1`] = `
<button
  class="btn"
  type="button"
/>
`;
