// Jest Snapshot v1, https://goo.gl/fbAQLP

exports[`components/contents/BaseInput mountable snapshot 1`] = `
<input
  class="form-control"
  type="text"
/>
`;
