// Jest Snapshot v1, https://goo.gl/fbAQLP

exports[`components/base/BaseLink mountable snapshot 1`] = `<routerlink-stub />`;
